====================================================
  PLASH PILATES SERVER STARTED ON PORT 3333
  Razorpay Live Key: rzp_test_SKQzTiiysg1aGG
  http://localhost:3333/ and http://127.0.0.1:3333/
====================================================
  Supabase Auth Redirect Listener active on http://localhost:3000/
[Startup Payment Sync Result] { synced: 0, total: 22 }
[REQ :3333] HEAD /
[REQ :3000] HEAD /
[REQ :3333] GET /
[REQ :3333] GET /css/variables.css?v=56
[REQ :3333] GET /css/base.css?v=56
[REQ :3333] GET /css/layout.css?v=56
[REQ :3333] GET /css/components/buttons.css?v=56
[REQ :3333] GET /css/components/cards.css?v=56
[REQ :3333] GET /css/components/tables.css?v=56
[REQ :3333] GET /css/components/forms.css?v=56
[REQ :3333] GET /css/components/modals.css?v=56
[REQ :3333] GET /css/components/badges.css?v=56
[REQ :3333] GET /css/components/toasts.css?v=56
[REQ :3333] GET /css/components/skeleton.css?v=56
[REQ :3333] GET /css/components/tabs.css?v=56
[REQ :3333] GET /css/components/calendar-strip.css?v=56
[REQ :3333] GET /css/components/cookie-banner.css?v=56
[REQ :3333] GET /css/pages/pages.css?v=75
[REQ :3333] GET /js/app.js?v=98
[REQ :3333] GET /js/core/router.js?v=98
[REQ :3333] GET /js/core/auth.js?v=98
[REQ :3333] GET /js/core/store.js
[REQ :3333] GET /js/core/env-loader.js
[REQ :3333] GET /js/core/events.js
[REQ :3333] GET /js/utils/accessibility.js
[REQ :3333] GET /js/components/sidebar.js?v=98
[REQ :3333] GET /js/components/cookie-banner.js
[REQ :3333] GET /js/core/supabase.js
[REQ :3333] GET /js/components/toast.js
[REQ :3333] GET /js/pages/auth/login.js?v=98
[REQ :3333] GET /js/pages/auth/signup.js?v=98
[REQ :3333] GET /js/pages/auth/reset-password.js?v=98
[REQ :3333] GET /js/pages/portal/dashboard.js?v=75
[REQ :3333] GET /js/pages/portal/book.js
[REQ :3333] GET /js/pages/portal/bookings.js
[REQ :3333] GET /js/pages/portal/packages.js
[REQ :3333] GET /js/pages/portal/cart.js?v=75
[REQ :3333] GET /js/pages/portal/payments.js
[REQ :3333] GET /js/pages/portal/profile.js?v=75
[REQ :3333] GET /js/pages/admin/overview.js
[REQ :3333] GET /js/pages/admin/members.js
[REQ :3333] GET /js/pages/admin/prospects.js
[REQ :3333] GET /js/pages/admin/activity-logs.js
[REQ :3333] GET /js/pages/admin/member-detail.js
[REQ :3333] GET /js/pages/admin/schedule.js
[REQ :3333] GET /js/pages/admin/packages.js
[REQ :3333] GET /js/pages/admin/bookings.js
[REQ :3333] GET /js/pages/admin/payments.js
[REQ :3333] GET /js/pages/admin/partner-approvals.js
[REQ :3333] GET /js/pages/trainer/dashboard.js
[REQ :3333] GET /js/pages/partner/booking-requests.js
[REQ :3333] GET /js/pages/partner/roster.js
[REQ :3333] GET /js/pages/partner/member-detail.js
[REQ :3333] GET /js/pages/partner/schedule.js
[REQ :3333] GET /js/pages/legal/privacy-policy.js
[REQ :3333] GET /js/pages/legal/terms.js
[REQ :3333] GET /js/pages/legal/cookie-policy.js
[REQ :3333] GET /js/pages/error/not-found.js
[REQ :3333] GET /js/pages/error/forbidden.js
[REQ :3333] GET /js/pages/error/server-error.js
[REQ :3333] GET /js/core/auth.js
[REQ :3333] GET /js/core/config.js
[REQ :3333] GET /js/core/seed-data.js
[REQ :3333] GET /js/utils/format.js
[REQ :3333] GET /js/utils/dom.js
[REQ :3333] GET /js/components/forgot-password-modal.js
[REQ :3333] GET /js/core/consent-manager.js
[REQ :3333] GET /js/pages/auth/login.js
[REQ :3333] GET /js/components/modal.js
[REQ :3333] GET /js/components/signup-otp-modal.js
[REQ :3333] GET /js/components/calendar-strip.js
[REQ :3333] GET /js/components/class-card.js
[REQ :3333] GET /js/components/empty-state.js
[REQ :3333] GET /js/components/stat-card.js
[REQ :3333] GET /js/components/pass-card.js
[REQ :3333] GET /js/core/cart.js
[REQ :3333] GET /js/components/package-card.js
[REQ :3333] GET /js/components/tabs.js
[REQ :3333] GET /js/components/badge.js
[REQ :3333] GET /js/components/data-table.js
[REQ :3333] GET /js/components/receipt-modal.js
[REQ :3333] GET /js/components/waiver-checkbox.js
[REQ :3333] GET /js/components/email-change-modal.js
[REQ :3333] GET /js/components/chart-bar.js
[REQ :3333] GET /api/public-config
[REQ :3333] GET /assets/images/plash-logo-horizontal.png
[REQ :3333] GET /api/member/payments?
[REQ :3333] GET /api/member/passes?
[REQ :3333] GET /assets/images/plash-logo-horizontal.png
[REQ :3333] GET /assets/images/plash-logo-horizontal.png
[REQ :3333] GET /assets/images/plash-logo-horizontal.png
[REQ :3333] GET /assets/images/plash-logo-horizontal.png
[REQ :3333] GET /assets/images/pilates-1.jpg
[REQ :3333] GET /assets/images/pilates-2.jpg
[REQ :3333] GET /assets/images/pilates-3.jpg
[REQ :3333] GET /assets/images/pilates-4.jpg
[REQ :3333] GET /assets/images/plash-logo-horizontal.png
[REQ :3333] GET /assets/images/plash-logo-horizontal.png
[REQ :3333] GET /assets/images/pilates-1.jpg
[REQ :3333] GET /assets/images/pilates-2.jpg
[REQ :3333] GET /assets/images/pilates-3.jpg
[REQ :3333] GET /assets/images/pilates-4.jpg
[REQ :3333] GET /assets/images/plash-logo-horizontal.png
[REQ :3333] GET /assets/images/pilates-1.jpg
[REQ :3333] GET /assets/images/pilates-2.jpg
[REQ :3333] GET /assets/images/pilates-3.jpg
[REQ :3333] GET /assets/images/pilates-4.jpg
[REQ :3333] GET /assets/images/plash-logo-horizontal.png
[REQ :3333] GET /assets/images/plash-logo-horizontal.png
[REQ :3333] GET /assets/images/plash-logo-horizontal.png
[REQ :3333] GET /assets/images/plash-logo-horizontal.png
[REQ :3333] GET /assets/images/plash-logo-horizontal.png
[REQ :3333] GET /assets/images/plash-logo-horizontal.png
[REQ :3333] GET /assets/images/plash-logo-horizontal.png
[REQ :3333] GET /assets/images/plash-logo-horizontal.png
[REQ :3333] GET /assets/images/plash-logo-horizontal.png
[REQ :3333] GET /
[REQ :3333] GET /css/variables.css?v=56
[REQ :3333] GET /css/base.css?v=56
[REQ :3333] GET /css/layout.css?v=56
[REQ :3333] GET /css/components/buttons.css?v=56
[REQ :3333] GET /css/components/cards.css?v=56
[REQ :3333] GET /css/components/tables.css?v=56
[REQ :3333] GET /css/components/forms.css?v=56
[REQ :3333] GET /css/components/modals.css?v=56
[REQ :3333] GET /css/components/badges.css?v=56
[REQ :3333] GET /css/components/toasts.css?v=56
[REQ :3333] GET /css/components/skeleton.css?v=56
[REQ :3333] GET /css/components/tabs.css?v=56
[REQ :3333] GET /css/components/calendar-strip.css?v=56
[REQ :3333] GET /css/components/cookie-banner.css?v=56
[REQ :3333] GET /css/pages/pages.css?v=75
[REQ :3333] GET /js/app.js?v=98
[REQ :3333] GET /js/core/router.js?v=98
[REQ :3333] GET /js/core/auth.js?v=98
[REQ :3333] GET /js/core/store.js
[REQ :3333] GET /js/core/env-loader.js
[REQ :3333] GET /js/core/events.js
[REQ :3333] GET /js/utils/accessibility.js
[REQ :3333] GET /js/components/sidebar.js?v=98
[REQ :3333] GET /js/components/cookie-banner.js
[REQ :3333] GET /js/core/supabase.js
[REQ :3333] GET /js/components/toast.js
[REQ :3333] GET /js/pages/auth/login.js?v=98
[REQ :3333] GET /js/pages/auth/signup.js?v=98
[REQ :3333] GET /js/pages/auth/reset-password.js?v=98
[REQ :3333] GET /js/pages/portal/dashboard.js?v=75
[REQ :3333] GET /js/pages/portal/book.js
[REQ :3333] GET /js/pages/portal/bookings.js
[REQ :3333] GET /js/pages/portal/packages.js
[REQ :3333] GET /js/pages/portal/cart.js?v=75
[REQ :3333] GET /js/pages/portal/payments.js
[REQ :3333] GET /js/pages/portal/profile.js?v=75
[REQ :3333] GET /js/pages/admin/overview.js
[REQ :3333] GET /js/pages/admin/members.js
[REQ :3333] GET /js/pages/admin/prospects.js
[REQ :3333] GET /js/pages/admin/activity-logs.js
[REQ :3333] GET /js/pages/admin/member-detail.js
[REQ :3333] GET /js/pages/admin/schedule.js
[REQ :3333] GET /js/pages/admin/packages.js
[REQ :3333] GET /js/pages/admin/bookings.js
[REQ :3333] GET /js/pages/admin/payments.js
[REQ :3333] GET /js/pages/admin/partner-approvals.js
[REQ :3333] GET /js/pages/trainer/dashboard.js
[REQ :3333] GET /js/pages/partner/booking-requests.js
[REQ :3333] GET /js/pages/partner/roster.js
[REQ :3333] GET /js/pages/partner/member-detail.js
[REQ :3333] GET /js/pages/partner/schedule.js
[REQ :3333] GET /js/pages/legal/privacy-policy.js
[REQ :3333] GET /js/pages/legal/terms.js
[REQ :3333] GET /js/pages/legal/cookie-policy.js
[REQ :3333] GET /js/pages/error/not-found.js
[REQ :3333] GET /js/pages/error/forbidden.js
[REQ :3333] GET /js/pages/error/server-error.js
[REQ :3333] GET /js/core/config.js
[REQ :3333] GET /js/core/auth.js
[REQ :3333] GET /js/core/seed-data.js
[REQ :3333] GET /js/utils/format.js
[REQ :3333] GET /js/utils/dom.js
[REQ :3333] GET /js/components/forgot-password-modal.js
[REQ :3333] GET /js/core/consent-manager.js
[REQ :3333] GET /js/components/modal.js
[REQ :3333] GET /js/components/signup-otp-modal.js
[REQ :3333] GET /js/pages/auth/login.js
[REQ :3333] GET /js/components/tabs.js
[REQ :3333] GET /js/components/badge.js
[REQ :3333] GET /js/components/empty-state.js
[REQ :3333] GET /js/components/stat-card.js
[REQ :3333] GET /js/components/pass-card.js
[REQ :3333] GET /js/core/cart.js
[REQ :3333] GET /js/components/package-card.js
[REQ :3333] GET /js/components/calendar-strip.js
[REQ :3333] GET /js/components/class-card.js
[REQ :3333] GET /js/components/waiver-checkbox.js
[REQ :3333] GET /js/components/receipt-modal.js
[REQ :3333] GET /js/components/chart-bar.js
[REQ :3333] GET /js/components/data-table.js
[REQ :3333] GET /js/components/email-change-modal.js
[REQ :3333] GET /api/public-config
[REQ :3333] GET /assets/images/plash-logo-horizontal.png
[REQ :3333] GET /assets/images/plash-logo-horizontal.png
[REQ :3333] GET /assets/images/plash-logo-horizontal.png
[REQ :3333] GET /
[REQ :3333] GET /css/variables.css?v=56
[REQ :3333] GET /css/base.css?v=56
[REQ :3333] GET /css/layout.css?v=56
[REQ :3333] GET /css/components/buttons.css?v=56
[REQ :3333] GET /css/components/cards.css?v=56
[REQ :3333] GET /css/components/tables.css?v=56
[REQ :3333] GET /css/components/forms.css?v=56
[REQ :3333] GET /css/components/modals.css?v=56
[REQ :3333] GET /css/components/badges.css?v=56
[REQ :3333] GET /css/components/toasts.css?v=56
[REQ :3333] GET /css/components/skeleton.css?v=56
[REQ :3333] GET /css/components/tabs.css?v=56
[REQ :3333] GET /css/components/calendar-strip.css?v=56
[REQ :3333] GET /css/components/cookie-banner.css?v=56
[REQ :3333] GET /css/pages/pages.css?v=75
[REQ :3333] GET /js/app.js?v=98
[REQ :3333] GET /js/core/router.js?v=98
[REQ :3333] GET /js/core/auth.js?v=98
[REQ :3333] GET /js/core/store.js
[REQ :3333] GET /js/core/env-loader.js
[REQ :3333] GET /js/core/events.js
[REQ :3333] GET /js/utils/accessibility.js
[REQ :3333] GET /js/components/sidebar.js?v=98
[REQ :3333] GET /js/components/cookie-banner.js
[REQ :3333] GET /js/core/supabase.js
[REQ :3333] GET /js/components/toast.js
[REQ :3333] GET /js/pages/auth/login.js?v=98
[REQ :3333] GET /js/pages/auth/signup.js?v=98
[REQ :3333] GET /js/pages/auth/reset-password.js?v=98
[REQ :3333] GET /js/pages/portal/dashboard.js?v=75
[REQ :3333] GET /js/pages/portal/book.js
[REQ :3333] GET /js/pages/portal/bookings.js
[REQ :3333] GET /js/pages/portal/packages.js
[REQ :3333] GET /js/pages/portal/cart.js?v=75
[REQ :3333] GET /js/pages/portal/payments.js
[REQ :3333] GET /js/pages/portal/profile.js?v=75
[REQ :3333] GET /js/pages/admin/overview.js
[REQ :3333] GET /js/pages/admin/members.js
[REQ :3333] GET /js/pages/admin/prospects.js
[REQ :3333] GET /js/pages/admin/activity-logs.js
[REQ :3333] GET /js/pages/admin/member-detail.js
[REQ :3333] GET /js/pages/admin/schedule.js
[REQ :3333] GET /js/pages/admin/packages.js
[REQ :3333] GET /js/pages/admin/bookings.js
[REQ :3333] GET /js/pages/admin/payments.js
[REQ :3333] GET /js/pages/admin/partner-approvals.js
[REQ :3333] GET /js/pages/trainer/dashboard.js
[REQ :3333] GET /js/pages/partner/booking-requests.js
[REQ :3333] GET /js/pages/partner/roster.js
[REQ :3333] GET /js/pages/partner/member-detail.js
[REQ :3333] GET /js/pages/partner/schedule.js
[REQ :3333] GET /js/pages/legal/privacy-policy.js
[REQ :3333] GET /js/pages/legal/terms.js
[REQ :3333] GET /js/pages/legal/cookie-policy.js
[REQ :3333] GET /js/pages/error/not-found.js
[REQ :3333] GET /js/pages/error/forbidden.js
[REQ :3333] GET /js/pages/error/server-error.js
[REQ :3333] GET /js/core/config.js
[REQ :3333] GET /js/core/auth.js
[REQ :3333] GET /js/utils/dom.js
[REQ :3333] GET /js/components/forgot-password-modal.js
[REQ :3333] GET /js/core/seed-data.js
[REQ :3333] GET /js/utils/format.js
[REQ :3333] GET /js/core/consent-manager.js
[REQ :3333] GET /js/pages/auth/login.js
[REQ :3333] GET /js/components/modal.js
[REQ :3333] GET /js/components/signup-otp-modal.js
[REQ :3333] GET /js/components/stat-card.js
[REQ :3333] GET /js/components/pass-card.js
[REQ :3333] GET /js/components/empty-state.js
[REQ :3333] GET /js/components/calendar-strip.js
[REQ :3333] GET /js/components/class-card.js
[REQ :3333] GET /js/components/tabs.js
[REQ :3333] GET /js/components/badge.js
[REQ :3333] GET /js/core/cart.js
[REQ :3333] GET /js/components/package-card.js
[REQ :3333] GET /js/components/data-table.js
[REQ :3333] GET /js/components/receipt-modal.js
[REQ :3333] GET /js/components/waiver-checkbox.js
[REQ :3333] GET /js/components/email-change-modal.js
[REQ :3333] GET /js/components/chart-bar.js
[REQ :3333] GET /api/public-config
[REQ :3333] GET /assets/images/plash-logo-horizontal.png
[REQ :3333] GET /assets/images/plash-logo-horizontal.png
[REQ :3333] GET /assets/images/plash-logo-horizontal.png
[REQ :3333] GET /
[REQ :3333] GET /css/variables.css?v=56
[REQ :3333] GET /css/base.css?v=56
[REQ :3333] GET /css/layout.css?v=56
[REQ :3333] GET /css/components/buttons.css?v=56
[REQ :3333] GET /css/components/cards.css?v=56
[REQ :3333] GET /css/components/tables.css?v=56
[REQ :3333] GET /css/components/forms.css?v=56
[REQ :3333] GET /css/components/modals.css?v=56
[REQ :3333] GET /css/components/badges.css?v=56
[REQ :3333] GET /css/components/toasts.css?v=56
[REQ :3333] GET /css/components/skeleton.css?v=56
[REQ :3333] GET /css/components/tabs.css?v=56
[REQ :3333] GET /css/components/calendar-strip.css?v=56
[REQ :3333] GET /css/components/cookie-banner.css?v=56
[REQ :3333] GET /css/pages/pages.css?v=75
[REQ :3333] GET /js/app.js?v=98
[REQ :3333] GET /js/core/router.js?v=98
[REQ :3333] GET /js/core/auth.js?v=98
[REQ :3333] GET /js/core/store.js
[REQ :3333] GET /js/core/env-loader.js
[REQ :3333] GET /js/core/events.js
[REQ :3333] GET /js/utils/accessibility.js
[REQ :3333] GET /js/components/sidebar.js?v=98
[REQ :3333] GET /js/components/cookie-banner.js
[REQ :3333] GET /js/core/supabase.js
[REQ :3333] GET /js/components/toast.js
[REQ :3333] GET /js/pages/auth/login.js?v=98
[REQ :3333] GET /js/pages/auth/signup.js?v=98
[REQ :3333] GET /js/pages/auth/reset-password.js?v=98
[REQ :3333] GET /js/pages/portal/dashboard.js?v=75
[REQ :3333] GET /js/pages/portal/book.js
[REQ :3333] GET /js/pages/portal/bookings.js
[REQ :3333] GET /js/pages/portal/packages.js
[REQ :3333] GET /js/pages/portal/cart.js?v=75
[REQ :3333] GET /js/pages/portal/payments.js
[REQ :3333] GET /js/pages/portal/profile.js?v=75
[REQ :3333] GET /js/pages/admin/overview.js
[REQ :3333] GET /js/pages/admin/members.js
[REQ :3333] GET /js/pages/admin/prospects.js
[REQ :3333] GET /js/pages/admin/activity-logs.js
[REQ :3333] GET /js/pages/admin/member-detail.js
[REQ :3333] GET /js/pages/admin/schedule.js
[REQ :3333] GET /js/pages/admin/packages.js
[REQ :3333] GET /js/pages/admin/bookings.js
[REQ :3333] GET /js/pages/admin/payments.js
[REQ :3333] GET /js/pages/admin/partner-approvals.js
[REQ :3333] GET /js/pages/trainer/dashboard.js
[REQ :3333] GET /js/pages/partner/booking-requests.js
[REQ :3333] GET /js/pages/partner/roster.js
[REQ :3333] GET /js/pages/partner/member-detail.js
[REQ :3333] GET /js/pages/partner/schedule.js
[REQ :3333] GET /js/pages/legal/privacy-policy.js
[REQ :3333] GET /js/pages/legal/terms.js
[REQ :3333] GET /js/pages/legal/cookie-policy.js
[REQ :3333] GET /js/pages/error/not-found.js
[REQ :3333] GET /js/pages/error/forbidden.js
[REQ :3333] GET /js/pages/error/server-error.js
[REQ :3333] GET /js/core/auth.js
[REQ :3333] GET /js/core/config.js
[REQ :3333] GET /js/utils/dom.js
[REQ :3333] GET /js/components/forgot-password-modal.js
[REQ :3333] GET /js/core/seed-data.js
[REQ :3333] GET /js/utils/format.js
[REQ :3333] GET /js/core/consent-manager.js
[REQ :3333] GET /js/pages/auth/login.js
[REQ :3333] GET /js/components/modal.js
[REQ :3333] GET /js/components/signup-otp-modal.js
[REQ :3333] GET /js/components/stat-card.js
[REQ :3333] GET /js/components/pass-card.js
[REQ :3333] GET /js/components/empty-state.js
[REQ :3333] GET /js/core/cart.js
[REQ :3333] GET /js/components/package-card.js
[REQ :3333] GET /js/components/tabs.js
[REQ :3333] GET /js/components/badge.js
[REQ :3333] GET /js/components/calendar-strip.js
[REQ :3333] GET /js/components/class-card.js
[REQ :3333] GET /js/components/email-change-modal.js
[REQ :3333] GET /js/components/data-table.js
[REQ :3333] GET /js/components/receipt-modal.js
[REQ :3333] GET /js/components/waiver-checkbox.js
[REQ :3333] GET /js/components/chart-bar.js
[REQ :3333] GET /api/public-config
[REQ :3333] GET /assets/images/plash-logo-horizontal.png
[REQ :3333] GET /assets/images/plash-logo-horizontal.png
[REQ :3333] GET /
[REQ :3333] GET /css/variables.css?v=56
[REQ :3333] GET /css/base.css?v=56
[REQ :3333] GET /css/layout.css?v=56
[REQ :3333] GET /css/components/buttons.css?v=56
[REQ :3333] GET /css/components/cards.css?v=56
[REQ :3333] GET /css/components/tables.css?v=56
[REQ :3333] GET /css/components/forms.css?v=56
[REQ :3333] GET /css/components/modals.css?v=56
[REQ :3333] GET /css/components/badges.css?v=56
[REQ :3333] GET /css/components/toasts.css?v=56
[REQ :3333] GET /css/components/skeleton.css?v=56
[REQ :3333] GET /css/components/tabs.css?v=56
[REQ :3333] GET /css/components/calendar-strip.css?v=56
[REQ :3333] GET /css/components/cookie-banner.css?v=56
[REQ :3333] GET /css/pages/pages.css?v=75
[REQ :3333] GET /js/app.js?v=98
[REQ :3333] GET /js/core/router.js?v=98
[REQ :3333] GET /js/core/auth.js?v=98
[REQ :3333] GET /js/core/store.js
[REQ :3333] GET /js/core/env-loader.js
[REQ :3333] GET /js/core/events.js
[REQ :3333] GET /js/utils/accessibility.js
[REQ :3333] GET /js/components/sidebar.js?v=98
[REQ :3333] GET /js/components/cookie-banner.js
[REQ :3333] GET /js/core/supabase.js
[REQ :3333] GET /js/components/toast.js
[REQ :3333] GET /js/pages/auth/login.js?v=98
[REQ :3333] GET /js/pages/auth/signup.js?v=98
[REQ :3333] GET /js/pages/auth/reset-password.js?v=98
[REQ :3333] GET /js/pages/portal/dashboard.js?v=75
[REQ :3333] GET /js/pages/portal/book.js
[REQ :3333] GET /js/pages/portal/bookings.js
[REQ :3333] GET /js/pages/portal/packages.js
[REQ :3333] GET /js/pages/portal/cart.js?v=75
[REQ :3333] GET /js/pages/portal/payments.js
[REQ :3333] GET /js/pages/portal/profile.js?v=75
[REQ :3333] GET /js/pages/admin/overview.js
[REQ :3333] GET /js/pages/admin/members.js
[REQ :3333] GET /js/pages/admin/prospects.js
[REQ :3333] GET /js/pages/admin/activity-logs.js
[REQ :3333] GET /js/pages/admin/member-detail.js
[REQ :3333] GET /js/pages/admin/schedule.js
[REQ :3333] GET /js/pages/admin/packages.js
[REQ :3333] GET /js/pages/admin/bookings.js
[REQ :3333] GET /js/pages/admin/payments.js
[REQ :3333] GET /js/pages/admin/partner-approvals.js
[REQ :3333] GET /js/pages/trainer/dashboard.js
[REQ :3333] GET /js/pages/partner/booking-requests.js
[REQ :3333] GET /js/pages/partner/roster.js
[REQ :3333] GET /js/pages/partner/member-detail.js
[REQ :3333] GET /js/pages/partner/schedule.js
[REQ :3333] GET /js/pages/legal/privacy-policy.js
[REQ :3333] GET /js/pages/legal/terms.js
[REQ :3333] GET /js/pages/legal/cookie-policy.js
[REQ :3333] GET /js/pages/error/not-found.js
[REQ :3333] GET /js/pages/error/forbidden.js
[REQ :3333] GET /js/pages/error/server-error.js
[REQ :3333] GET /js/core/config.js
[REQ :3333] GET /js/core/auth.js
[REQ :3333] GET /js/core/seed-data.js
[REQ :3333] GET /js/utils/format.js
[REQ :3333] GET /js/utils/dom.js
[REQ :3333] GET /js/components/forgot-password-modal.js
[REQ :3333] GET /js/core/consent-manager.js
[REQ :3333] GET /js/pages/auth/login.js
[REQ :3333] GET /js/components/modal.js
[REQ :3333] GET /js/components/signup-otp-modal.js
[REQ :3333] GET /js/components/calendar-strip.js
[REQ :3333] GET /js/components/class-card.js
[REQ :3333] GET /js/components/empty-state.js
[REQ :3333] GET /js/components/stat-card.js
[REQ :3333] GET /js/components/pass-card.js
[REQ :3333] GET /js/components/tabs.js
[REQ :3333] GET /js/components/badge.js
[REQ :3333] GET /js/core/cart.js
[REQ :3333] GET /js/components/waiver-checkbox.js
[REQ :3333] GET /js/components/receipt-modal.js
[REQ :3333] GET /js/components/package-card.js
[REQ :3333] GET /js/components/data-table.js
[REQ :3333] GET /js/components/chart-bar.js
[REQ :3333] GET /js/components/email-change-modal.js
[REQ :3333] GET /api/public-config
[REQ :3333] GET /assets/images/plash-logo-horizontal.png
[REQ :3333] GET /assets/images/plash-logo-horizontal.png
[REQ :3333] GET /
[REQ :3333] GET /css/variables.css?v=56
[REQ :3333] GET /css/base.css?v=56
[REQ :3333] GET /css/layout.css?v=56
[REQ :3333] GET /css/components/buttons.css?v=56
[REQ :3333] GET /css/components/cards.css?v=56
[REQ :3333] GET /css/components/tables.css?v=56
[REQ :3333] GET /css/components/forms.css?v=56
[REQ :3333] GET /css/components/modals.css?v=56
[REQ :3333] GET /css/components/badges.css?v=56
[REQ :3333] GET /css/components/toasts.css?v=56
[REQ :3333] GET /css/components/skeleton.css?v=56
[REQ :3333] GET /css/components/tabs.css?v=56
[REQ :3333] GET /css/components/calendar-strip.css?v=56
[REQ :3333] GET /css/components/cookie-banner.css?v=56
[REQ :3333] GET /css/pages/pages.css?v=75
[REQ :3333] GET /js/app.js?v=98
[REQ :3333] GET /js/core/router.js?v=98
[REQ :3333] GET /js/core/auth.js?v=98
[REQ :3333] GET /js/core/store.js
[REQ :3333] GET /js/core/env-loader.js
[REQ :3333] GET /js/core/events.js
[REQ :3333] GET /js/utils/accessibility.js
[REQ :3333] GET /js/components/sidebar.js?v=98
[REQ :3333] GET /js/components/cookie-banner.js
[REQ :3333] GET /js/core/supabase.js
[REQ :3333] GET /js/components/toast.js
[REQ :3333] GET /js/pages/auth/login.js?v=98
[REQ :3333] GET /js/pages/auth/signup.js?v=98
[REQ :3333] GET /js/pages/auth/reset-password.js?v=98
[REQ :3333] GET /js/pages/portal/dashboard.js?v=75
[REQ :3333] GET /js/pages/portal/book.js
[REQ :3333] GET /js/pages/portal/bookings.js
[REQ :3333] GET /js/pages/portal/packages.js
[REQ :3333] GET /js/pages/portal/cart.js?v=75
[REQ :3333] GET /js/pages/portal/payments.js
[REQ :3333] GET /js/pages/portal/profile.js?v=75
[REQ :3333] GET /js/pages/admin/overview.js
[REQ :3333] GET /js/pages/admin/members.js
[REQ :3333] GET /js/pages/admin/prospects.js
[REQ :3333] GET /js/pages/admin/activity-logs.js
[REQ :3333] GET /js/pages/admin/member-detail.js
[REQ :3333] GET /js/pages/admin/schedule.js
[REQ :3333] GET /js/pages/admin/packages.js
[REQ :3333] GET /js/pages/admin/bookings.js
[REQ :3333] GET /js/pages/admin/payments.js
[REQ :3333] GET /js/pages/admin/partner-approvals.js
[REQ :3333] GET /js/pages/trainer/dashboard.js
[REQ :3333] GET /js/pages/partner/booking-requests.js
[REQ :3333] GET /js/pages/partner/roster.js
[REQ :3333] GET /js/pages/partner/member-detail.js
[REQ :3333] GET /js/pages/partner/schedule.js
[REQ :3333] GET /js/pages/legal/privacy-policy.js
[REQ :3333] GET /js/pages/legal/terms.js
[REQ :3333] GET /js/pages/legal/cookie-policy.js
[REQ :3333] GET /js/pages/error/not-found.js
[REQ :3333] GET /js/pages/error/forbidden.js
[REQ :3333] GET /js/pages/error/server-error.js
[REQ :3333] GET /js/core/auth.js
[REQ :3333] GET /js/core/config.js
[REQ :3333] GET /js/utils/dom.js
[REQ :3333] GET /js/components/forgot-password-modal.js
[REQ :3333] GET /js/core/seed-data.js
[REQ :3333] GET /js/utils/format.js
[REQ :3333] GET /js/core/consent-manager.js
[REQ :3333] GET /js/pages/auth/login.js
[REQ :3333] GET /js/components/modal.js
[REQ :3333] GET /js/components/signup-otp-modal.js
[REQ :3333] GET /js/components/stat-card.js
[REQ :3333] GET /js/components/pass-card.js
[REQ :3333] GET /js/components/empty-state.js
[REQ :3333] GET /js/core/cart.js
[REQ :3333] GET /js/components/package-card.js
[REQ :3333] GET /js/components/calendar-strip.js
[REQ :3333] GET /js/components/class-card.js
[REQ :3333] GET /js/components/waiver-checkbox.js
[REQ :3333] GET /js/components/receipt-modal.js
[REQ :3333] GET /js/components/tabs.js
[REQ :3333] GET /js/components/badge.js
[REQ :3333] GET /js/components/data-table.js
[REQ :3333] GET /js/components/chart-bar.js
[REQ :3333] GET /js/components/email-change-modal.js
[REQ :3333] GET /api/public-config
[REQ :3333] GET /assets/images/plash-logo-horizontal.png
[REQ :3333] GET /assets/images/plash-logo-horizontal.png
[REQ :3333] GET /
[REQ :3333] GET /css/variables.css?v=56
[REQ :3333] GET /css/base.css?v=56
[REQ :3333] GET /css/layout.css?v=56
[REQ :3333] GET /css/components/buttons.css?v=56
[REQ :3333] GET /css/components/cards.css?v=56
[REQ :3333] GET /css/components/tables.css?v=56
[REQ :3333] GET /css/components/forms.css?v=56
[REQ :3333] GET /css/components/modals.css?v=56
[REQ :3333] GET /css/components/badges.css?v=56
[REQ :3333] GET /css/components/toasts.css?v=56
[REQ :3333] GET /css/components/skeleton.css?v=56
[REQ :3333] GET /css/components/tabs.css?v=56
[REQ :3333] GET /css/components/calendar-strip.css?v=56
[REQ :3333] GET /css/components/cookie-banner.css?v=56
[REQ :3333] GET /css/pages/pages.css?v=75
[REQ :3333] GET /js/app.js?v=98
[REQ :3333] GET /js/core/router.js?v=98
[REQ :3333] GET /js/core/auth.js?v=98
[REQ :3333] GET /js/core/store.js
[REQ :3333] GET /js/core/env-loader.js
[REQ :3333] GET /js/core/events.js
[REQ :3333] GET /js/utils/accessibility.js
[REQ :3333] GET /js/components/sidebar.js?v=98
[REQ :3333] GET /js/components/cookie-banner.js
[REQ :3333] GET /js/core/supabase.js
[REQ :3333] GET /js/components/toast.js
[REQ :3333] GET /js/pages/auth/login.js?v=98
[REQ :3333] GET /js/pages/auth/signup.js?v=98
[REQ :3333] GET /js/pages/auth/reset-password.js?v=98
[REQ :3333] GET /js/pages/portal/dashboard.js?v=75
[REQ :3333] GET /js/pages/portal/book.js
[REQ :3333] GET /js/pages/portal/bookings.js
[REQ :3333] GET /js/pages/portal/packages.js
[REQ :3333] GET /js/pages/portal/cart.js?v=75
[REQ :3333] GET /js/pages/portal/payments.js
[REQ :3333] GET /js/pages/portal/profile.js?v=75
[REQ :3333] GET /js/pages/admin/overview.js
[REQ :3333] GET /js/pages/admin/members.js
[REQ :3333] GET /js/pages/admin/prospects.js
[REQ :3333] GET /js/pages/admin/activity-logs.js
[REQ :3333] GET /js/pages/admin/member-detail.js
[REQ :3333] GET /js/pages/admin/schedule.js
[REQ :3333] GET /js/pages/admin/packages.js
[REQ :3333] GET /js/pages/admin/bookings.js
[REQ :3333] GET /js/pages/admin/payments.js
[REQ :3333] GET /js/pages/admin/partner-approvals.js
[REQ :3333] GET /js/pages/trainer/dashboard.js
[REQ :3333] GET /js/pages/partner/booking-requests.js
[REQ :3333] GET /js/pages/partner/roster.js
[REQ :3333] GET /js/pages/partner/member-detail.js
[REQ :3333] GET /js/pages/partner/schedule.js
[REQ :3333] GET /js/pages/legal/privacy-policy.js
[REQ :3333] GET /js/pages/legal/terms.js
[REQ :3333] GET /js/pages/legal/cookie-policy.js
[REQ :3333] GET /js/pages/error/not-found.js
[REQ :3333] GET /js/pages/error/forbidden.js
[REQ :3333] GET /js/pages/error/server-error.js
[REQ :3333] GET /js/core/auth.js
[REQ :3333] GET /js/core/config.js
[REQ :3333] GET /js/core/seed-data.js
[REQ :3333] GET /js/utils/format.js
[REQ :3333] GET /js/utils/dom.js
[REQ :3333] GET /js/core/consent-manager.js
[REQ :3333] GET /js/components/forgot-password-modal.js
[REQ :3333] GET /js/pages/auth/login.js
[REQ :3333] GET /js/components/modal.js
[REQ :3333] GET /js/components/signup-otp-modal.js
[REQ :3333] GET /js/components/stat-card.js
[REQ :3333] GET /js/components/pass-card.js
[REQ :3333] GET /js/components/empty-state.js
[REQ :3333] GET /js/components/calendar-strip.js
[REQ :3333] GET /js/components/class-card.js
[REQ :3333] GET /js/components/tabs.js
[REQ :3333] GET /js/components/badge.js
[REQ :3333] GET /js/core/cart.js
[REQ :3333] GET /js/components/package-card.js
[REQ :3333] GET /js/components/waiver-checkbox.js
[REQ :3333] GET /js/components/receipt-modal.js
[REQ :3333] GET /js/components/data-table.js
[REQ :3333] GET /js/components/chart-bar.js
[REQ :3333] GET /js/components/email-change-modal.js
[REQ :3333] GET /api/public-config
[REQ :3333] GET /assets/images/plash-logo-horizontal.png
[REQ :3333] GET /assets/images/plash-logo-horizontal.png
[REQ :3333] GET /
[REQ :3333] GET /css/variables.css?v=56
[REQ :3333] GET /css/base.css?v=56
[REQ :3333] GET /css/layout.css?v=56
[REQ :3333] GET /css/components/buttons.css?v=56
[REQ :3333] GET /css/components/cards.css?v=56
[REQ :3333] GET /css/components/tables.css?v=56
[REQ :3333] GET /css/components/forms.css?v=56
[REQ :3333] GET /css/components/modals.css?v=56
[REQ :3333] GET /css/components/badges.css?v=56
[REQ :3333] GET /css/components/toasts.css?v=56
[REQ :3333] GET /css/components/skeleton.css?v=56
[REQ :3333] GET /css/components/tabs.css?v=56
[REQ :3333] GET /css/components/calendar-strip.css?v=56
[REQ :3333] GET /css/components/cookie-banner.css?v=56
[REQ :3333] GET /css/pages/pages.css?v=75
[REQ :3333] GET /js/app.js?v=98
[REQ :3333] GET /js/core/router.js?v=98
[REQ :3333] GET /js/core/auth.js?v=98
[REQ :3333] GET /js/core/store.js
[REQ :3333] GET /js/core/env-loader.js
[REQ :3333] GET /js/core/events.js
[REQ :3333] GET /js/utils/accessibility.js
[REQ :3333] GET /js/components/sidebar.js?v=98
[REQ :3333] GET /js/components/cookie-banner.js
[REQ :3333] GET /js/core/supabase.js
[REQ :3333] GET /js/components/toast.js
[REQ :3333] GET /js/pages/auth/login.js?v=98
[REQ :3333] GET /js/pages/auth/signup.js?v=98
[REQ :3333] GET /js/pages/auth/reset-password.js?v=98
[REQ :3333] GET /js/pages/portal/dashboard.js?v=75
[REQ :3333] GET /js/pages/portal/book.js
[REQ :3333] GET /js/pages/portal/bookings.js
[REQ :3333] GET /js/pages/portal/packages.js
[REQ :3333] GET /js/pages/portal/cart.js?v=75
[REQ :3333] GET /js/pages/portal/payments.js
[REQ :3333] GET /js/pages/portal/profile.js?v=75
[REQ :3333] GET /js/pages/admin/overview.js
[REQ :3333] GET /js/pages/admin/members.js
[REQ :3333] GET /js/pages/admin/prospects.js
[REQ :3333] GET /js/pages/admin/activity-logs.js
[REQ :3333] GET /js/pages/admin/member-detail.js
[REQ :3333] GET /js/pages/admin/schedule.js
[REQ :3333] GET /js/pages/admin/packages.js
[REQ :3333] GET /js/pages/admin/bookings.js
[REQ :3333] GET /js/pages/admin/payments.js
[REQ :3333] GET /js/pages/admin/partner-approvals.js
[REQ :3333] GET /js/pages/trainer/dashboard.js
[REQ :3333] GET /js/pages/partner/booking-requests.js
[REQ :3333] GET /js/pages/partner/roster.js
[REQ :3333] GET /js/pages/partner/member-detail.js
[REQ :3333] GET /js/pages/partner/schedule.js
[REQ :3333] GET /js/pages/legal/privacy-policy.js
[REQ :3333] GET /js/pages/legal/terms.js
[REQ :3333] GET /js/pages/legal/cookie-policy.js
[REQ :3333] GET /js/pages/error/not-found.js
[REQ :3333] GET /js/pages/error/forbidden.js
[REQ :3333] GET /js/pages/error/server-error.js
[REQ :3333] GET /js/core/auth.js
[REQ :3333] GET /js/core/config.js
[REQ :3333] GET /js/utils/dom.js
[REQ :3333] GET /js/components/forgot-password-modal.js
[REQ :3333] GET /js/core/seed-data.js
[REQ :3333] GET /js/utils/format.js
[REQ :3333] GET /js/core/consent-manager.js
[REQ :3333] GET /js/pages/auth/login.js
[REQ :3333] GET /js/components/modal.js
[REQ :3333] GET /js/components/signup-otp-modal.js
[REQ :3333] GET /js/components/stat-card.js
[REQ :3333] GET /js/components/pass-card.js
[REQ :3333] GET /js/components/empty-state.js
[REQ :3333] GET /js/components/tabs.js
[REQ :3333] GET /js/components/badge.js
[REQ :3333] GET /js/core/cart.js
[REQ :3333] GET /js/components/package-card.js
[REQ :3333] GET /js/components/waiver-checkbox.js
[REQ :3333] GET /js/components/receipt-modal.js
[REQ :3333] GET /js/components/data-table.js
[REQ :3333] GET /js/components/calendar-strip.js
[REQ :3333] GET /js/components/class-card.js
[REQ :3333] GET /js/components/email-change-modal.js
[REQ :3333] GET /js/components/chart-bar.js
[REQ :3333] GET /api/public-config
[REQ :3333] GET /assets/images/plash-logo-horizontal.png
[REQ :3333] GET /assets/images/plash-logo-horizontal.png
[REQ :3333] GET /
[REQ :3333] GET /css/variables.css?v=56
[REQ :3333] GET /css/base.css?v=56
[REQ :3333] GET /css/layout.css?v=56
[REQ :3333] GET /css/components/buttons.css?v=56
[REQ :3333] GET /css/components/cards.css?v=56
[REQ :3333] GET /css/components/tables.css?v=56
[REQ :3333] GET /css/components/forms.css?v=56
[REQ :3333] GET /css/components/modals.css?v=56
[REQ :3333] GET /css/components/badges.css?v=56
[REQ :3333] GET /css/components/toasts.css?v=56
[REQ :3333] GET /css/components/skeleton.css?v=56
[REQ :3333] GET /css/components/tabs.css?v=56
[REQ :3333] GET /css/components/calendar-strip.css?v=56
[REQ :3333] GET /css/components/cookie-banner.css?v=56
[REQ :3333] GET /css/pages/pages.css?v=75
[REQ :3333] GET /js/app.js?v=98
[REQ :3333] GET /js/core/router.js?v=98
[REQ :3333] GET /js/core/auth.js?v=98
[REQ :3333] GET /js/core/store.js
[REQ :3333] GET /js/core/env-loader.js
[REQ :3333] GET /js/core/events.js
[REQ :3333] GET /js/utils/accessibility.js
[REQ :3333] GET /js/components/sidebar.js?v=98
[REQ :3333] GET /js/components/cookie-banner.js
[REQ :3333] GET /js/core/supabase.js
[REQ :3333] GET /js/components/toast.js
[REQ :3333] GET /js/pages/auth/login.js?v=98
[REQ :3333] GET /js/pages/auth/signup.js?v=98
[REQ :3333] GET /js/pages/auth/reset-password.js?v=98
[REQ :3333] GET /js/pages/portal/dashboard.js?v=75
[REQ :3333] GET /js/pages/portal/book.js
[REQ :3333] GET /js/pages/portal/bookings.js
[REQ :3333] GET /js/pages/portal/packages.js
[REQ :3333] GET /js/pages/portal/cart.js?v=75
[REQ :3333] GET /js/pages/portal/payments.js
[REQ :3333] GET /js/pages/portal/profile.js?v=75
[REQ :3333] GET /js/pages/admin/overview.js
[REQ :3333] GET /js/pages/admin/members.js
[REQ :3333] GET /js/pages/admin/prospects.js
[REQ :3333] GET /js/pages/admin/activity-logs.js
[REQ :3333] GET /js/pages/admin/member-detail.js
[REQ :3333] GET /js/pages/admin/schedule.js
[REQ :3333] GET /js/pages/admin/packages.js
[REQ :3333] GET /js/pages/admin/bookings.js
[REQ :3333] GET /js/pages/admin/payments.js
[REQ :3333] GET /js/pages/admin/partner-approvals.js
[REQ :3333] GET /js/pages/trainer/dashboard.js
[REQ :3333] GET /js/pages/partner/booking-requests.js
[REQ :3333] GET /js/pages/partner/roster.js
[REQ :3333] GET /js/pages/partner/member-detail.js
[REQ :3333] GET /js/pages/partner/schedule.js
[REQ :3333] GET /js/pages/legal/privacy-policy.js
[REQ :3333] GET /js/pages/legal/terms.js
[REQ :3333] GET /js/pages/legal/cookie-policy.js
[REQ :3333] GET /js/pages/error/not-found.js
[REQ :3333] GET /js/pages/error/forbidden.js
[REQ :3333] GET /js/pages/error/server-error.js
[REQ :3333] GET /js/core/config.js
[REQ :3333] GET /js/core/auth.js
[REQ :3333] GET /js/utils/dom.js
[REQ :3333] GET /js/components/forgot-password-modal.js
[REQ :3333] GET /js/core/seed-data.js
[REQ :3333] GET /js/utils/format.js
[REQ :3333] GET /js/core/consent-manager.js
[REQ :3333] GET /js/pages/auth/login.js
[REQ :3333] GET /js/components/modal.js
[REQ :3333] GET /js/components/signup-otp-modal.js
[REQ :3333] GET /js/core/cart.js
[REQ :3333] GET /js/components/package-card.js
[REQ :3333] GET /js/components/stat-card.js
[REQ :3333] GET /js/components/pass-card.js
[REQ :3333] GET /js/components/empty-state.js
[REQ :3333] GET /js/components/tabs.js
[REQ :3333] GET /js/components/badge.js
[REQ :3333] GET /js/components/calendar-strip.js
[REQ :3333] GET /js/components/class-card.js
[REQ :3333] GET /js/components/data-table.js
[REQ :3333] GET /js/components/receipt-modal.js
[REQ :3333] GET /js/components/waiver-checkbox.js
[REQ :3333] GET /js/components/email-change-modal.js
[REQ :3333] GET /js/components/chart-bar.js
[REQ :3333] GET /api/public-config
[REQ :3333] GET /assets/images/plash-logo-horizontal.png
[REQ :3333] GET /assets/images/plash-logo-horizontal.png
[REQ :3333] GET /
[REQ :3333] GET /css/variables.css?v=56
[REQ :3333] GET /css/base.css?v=56
[REQ :3333] GET /css/layout.css?v=56
[REQ :3333] GET /css/components/buttons.css?v=56
[REQ :3333] GET /css/components/cards.css?v=56
[REQ :3333] GET /css/components/tables.css?v=56
[REQ :3333] GET /css/components/forms.css?v=56
[REQ :3333] GET /css/components/modals.css?v=56
[REQ :3333] GET /css/components/badges.css?v=56
[REQ :3333] GET /css/components/toasts.css?v=56
[REQ :3333] GET /css/components/skeleton.css?v=56
[REQ :3333] GET /css/components/tabs.css?v=56
[REQ :3333] GET /css/components/calendar-strip.css?v=56
[REQ :3333] GET /css/components/cookie-banner.css?v=56
[REQ :3333] GET /css/pages/pages.css?v=75
[REQ :3333] GET /js/app.js?v=98
[REQ :3333] GET /js/core/router.js?v=98
[REQ :3333] GET /js/core/auth.js?v=98
[REQ :3333] GET /js/core/store.js
[REQ :3333] GET /js/core/env-loader.js
[REQ :3333] GET /js/core/events.js
[REQ :3333] GET /js/utils/accessibility.js
[REQ :3333] GET /js/components/sidebar.js?v=98
[REQ :3333] GET /js/components/cookie-banner.js
[REQ :3333] GET /js/core/supabase.js
[REQ :3333] GET /js/components/toast.js
[REQ :3333] GET /js/pages/auth/login.js?v=98
[REQ :3333] GET /js/pages/auth/signup.js?v=98
[REQ :3333] GET /js/pages/auth/reset-password.js?v=98
[REQ :3333] GET /js/pages/portal/dashboard.js?v=75
[REQ :3333] GET /js/pages/portal/book.js
[REQ :3333] GET /js/pages/portal/bookings.js
[REQ :3333] GET /js/pages/portal/packages.js
[REQ :3333] GET /js/pages/portal/cart.js?v=75
[REQ :3333] GET /js/pages/portal/payments.js
[REQ :3333] GET /js/pages/portal/profile.js?v=75
[REQ :3333] GET /js/pages/admin/overview.js
[REQ :3333] GET /js/pages/admin/members.js
[REQ :3333] GET /js/pages/admin/prospects.js
[REQ :3333] GET /js/pages/admin/activity-logs.js
[REQ :3333] GET /js/pages/admin/member-detail.js
[REQ :3333] GET /js/pages/admin/schedule.js
[REQ :3333] GET /js/pages/admin/packages.js
[REQ :3333] GET /js/pages/admin/bookings.js
[REQ :3333] GET /js/pages/admin/payments.js
[REQ :3333] GET /js/pages/admin/partner-approvals.js
[REQ :3333] GET /js/pages/trainer/dashboard.js
[REQ :3333] GET /js/pages/partner/booking-requests.js
[REQ :3333] GET /js/pages/partner/roster.js
[REQ :3333] GET /js/pages/partner/member-detail.js
[REQ :3333] GET /js/pages/partner/schedule.js
[REQ :3333] GET /js/pages/legal/privacy-policy.js
[REQ :3333] GET /js/pages/legal/terms.js
[REQ :3333] GET /js/pages/legal/cookie-policy.js
[REQ :3333] GET /js/pages/error/not-found.js
[REQ :3333] GET /js/pages/error/forbidden.js
[REQ :3333] GET /js/pages/error/server-error.js
[REQ :3333] GET /js/core/auth.js
[REQ :3333] GET /js/core/config.js
[REQ :3333] GET /js/core/seed-data.js
[REQ :3333] GET /js/utils/format.js
[REQ :3333] GET /js/utils/dom.js
[REQ :3333] GET /js/components/forgot-password-modal.js
[REQ :3333] GET /js/core/consent-manager.js
[REQ :3333] GET /js/pages/auth/login.js
[REQ :3333] GET /js/components/modal.js
[REQ :3333] GET /js/components/signup-otp-modal.js
[REQ :3333] GET /js/components/stat-card.js
[REQ :3333] GET /js/components/pass-card.js
[REQ :3333] GET /js/components/empty-state.js
[REQ :3333] GET /js/components/calendar-strip.js
[REQ :3333] GET /js/components/class-card.js
[REQ :3333] GET /js/components/tabs.js
[REQ :3333] GET /js/components/badge.js
[REQ :3333] GET /js/core/cart.js
[REQ :3333] GET /js/components/package-card.js
[REQ :3333] GET /js/components/data-table.js
[REQ :3333] GET /js/components/receipt-modal.js
[REQ :3333] GET /js/components/waiver-checkbox.js
[REQ :3333] GET /js/components/chart-bar.js
[REQ :3333] GET /js/components/email-change-modal.js
[REQ :3333] GET /api/public-config
[REQ :3333] GET /assets/images/plash-logo-horizontal.png
[REQ :3333] GET /assets/images/plash-logo-horizontal.png
[REQ :3333] GET /
[REQ :3333] GET /css/variables.css?v=56
[REQ :3333] GET /css/base.css?v=56
[REQ :3333] GET /css/layout.css?v=56
[REQ :3333] GET /css/components/buttons.css?v=56
[REQ :3333] GET /css/components/cards.css?v=56
[REQ :3333] GET /css/components/tables.css?v=56
[REQ :3333] GET /css/components/forms.css?v=56
[REQ :3333] GET /css/components/modals.css?v=56
[REQ :3333] GET /css/components/badges.css?v=56
[REQ :3333] GET /css/components/toasts.css?v=56
[REQ :3333] GET /css/components/skeleton.css?v=56
[REQ :3333] GET /css/components/tabs.css?v=56
[REQ :3333] GET /css/components/calendar-strip.css?v=56
[REQ :3333] GET /css/components/cookie-banner.css?v=56
[REQ :3333] GET /css/pages/pages.css?v=75
[REQ :3333] GET /js/app.js?v=98
[REQ :3333] GET /js/core/router.js?v=98
[REQ :3333] GET /js/core/auth.js?v=98
[REQ :3333] GET /js/core/store.js
[REQ :3333] GET /js/core/env-loader.js
[REQ :3333] GET /js/core/events.js
[REQ :3333] GET /js/utils/accessibility.js
[REQ :3333] GET /js/components/sidebar.js?v=98
[REQ :3333] GET /js/components/cookie-banner.js
[REQ :3333] GET /js/core/supabase.js
[REQ :3333] GET /js/components/toast.js
[REQ :3333] GET /js/pages/auth/login.js?v=98
[REQ :3333] GET /js/pages/auth/signup.js?v=98
[REQ :3333] GET /js/pages/auth/reset-password.js?v=98
[REQ :3333] GET /js/pages/portal/dashboard.js?v=75
[REQ :3333] GET /js/pages/portal/book.js
[REQ :3333] GET /js/pages/portal/bookings.js
[REQ :3333] GET /js/pages/portal/packages.js
[REQ :3333] GET /js/pages/portal/cart.js?v=75
[REQ :3333] GET /js/pages/portal/payments.js
[REQ :3333] GET /js/pages/portal/profile.js?v=75
[REQ :3333] GET /js/pages/admin/overview.js
[REQ :3333] GET /js/pages/admin/members.js
[REQ :3333] GET /js/pages/admin/prospects.js
[REQ :3333] GET /js/pages/admin/activity-logs.js
[REQ :3333] GET /js/pages/admin/member-detail.js
[REQ :3333] GET /js/pages/admin/schedule.js
[REQ :3333] GET /js/pages/admin/packages.js
[REQ :3333] GET /js/pages/admin/bookings.js
[REQ :3333] GET /js/pages/admin/payments.js
[REQ :3333] GET /js/pages/admin/partner-approvals.js
[REQ :3333] GET /js/pages/trainer/dashboard.js
[REQ :3333] GET /js/pages/partner/booking-requests.js
[REQ :3333] GET /js/pages/partner/roster.js
[REQ :3333] GET /js/pages/partner/member-detail.js
[REQ :3333] GET /js/pages/partner/schedule.js
[REQ :3333] GET /js/pages/legal/privacy-policy.js
[REQ :3333] GET /js/pages/legal/terms.js
[REQ :3333] GET /js/pages/legal/cookie-policy.js
[REQ :3333] GET /js/pages/error/not-found.js
[REQ :3333] GET /js/pages/error/forbidden.js
[REQ :3333] GET /js/pages/error/server-error.js
[REQ :3333] GET /js/core/auth.js
[REQ :3333] GET /js/core/config.js
[REQ :3333] GET /js/utils/dom.js
[REQ :3333] GET /js/components/forgot-password-modal.js
[REQ :3333] GET /js/core/consent-manager.js
[REQ :3333] GET /js/core/seed-data.js
[REQ :3333] GET /js/utils/format.js
[REQ :3333] GET /js/components/modal.js
[REQ :3333] GET /js/components/signup-otp-modal.js
[REQ :3333] GET /js/pages/auth/login.js
[REQ :3333] GET /js/components/stat-card.js
[REQ :3333] GET /js/components/pass-card.js
[REQ :3333] GET /js/components/empty-state.js
[REQ :3333] GET /js/components/calendar-strip.js
[REQ :3333] GET /js/components/class-card.js
[REQ :3333] GET /js/components/tabs.js
[REQ :3333] GET /js/components/badge.js
[REQ :3333] GET /js/core/cart.js
[REQ :3333] GET /js/components/package-card.js
[REQ :3333] GET /js/components/data-table.js
[REQ :3333] GET /js/components/receipt-modal.js
[REQ :3333] GET /js/components/waiver-checkbox.js
[REQ :3333] GET /js/components/chart-bar.js
[REQ :3333] GET /js/components/email-change-modal.js
[REQ :3333] GET /api/public-config
[REQ :3333] GET /assets/images/plash-logo-horizontal.png
[REQ :3333] GET /assets/images/plash-logo-horizontal.png
[REQ :3333] GET /
[REQ :3333] GET /css/variables.css?v=56
[REQ :3333] GET /css/base.css?v=56
[REQ :3333] GET /css/layout.css?v=56
[REQ :3333] GET /css/components/buttons.css?v=56
[REQ :3333] GET /css/components/cards.css?v=56
[REQ :3333] GET /css/components/tables.css?v=56
[REQ :3333] GET /css/components/forms.css?v=56
[REQ :3333] GET /css/components/modals.css?v=56
[REQ :3333] GET /css/components/badges.css?v=56
[REQ :3333] GET /css/components/toasts.css?v=56
[REQ :3333] GET /css/components/skeleton.css?v=56
[REQ :3333] GET /css/components/tabs.css?v=56
[REQ :3333] GET /css/components/calendar-strip.css?v=56
[REQ :3333] GET /css/components/cookie-banner.css?v=56
[REQ :3333] GET /css/pages/pages.css?v=75
[REQ :3333] GET /js/app.js?v=98
[REQ :3333] GET /js/core/router.js?v=98
[REQ :3333] GET /js/core/auth.js?v=98
[REQ :3333] GET /js/core/store.js
[REQ :3333] GET /js/core/env-loader.js
[REQ :3333] GET /js/core/events.js
[REQ :3333] GET /js/utils/accessibility.js
[REQ :3333] GET /js/components/sidebar.js?v=98
[REQ :3333] GET /js/components/cookie-banner.js
[REQ :3333] GET /js/core/supabase.js
[REQ :3333] GET /js/components/toast.js
[REQ :3333] GET /js/pages/auth/login.js?v=98
[REQ :3333] GET /js/pages/auth/signup.js?v=98
[REQ :3333] GET /js/pages/auth/reset-password.js?v=98
[REQ :3333] GET /js/pages/portal/dashboard.js?v=75
[REQ :3333] GET /js/pages/portal/book.js
[REQ :3333] GET /js/pages/portal/bookings.js
[REQ :3333] GET /js/pages/portal/packages.js
[REQ :3333] GET /js/pages/portal/cart.js?v=75
[REQ :3333] GET /js/pages/portal/payments.js
[REQ :3333] GET /js/pages/portal/profile.js?v=75
[REQ :3333] GET /js/pages/admin/overview.js
[REQ :3333] GET /js/pages/admin/members.js
[REQ :3333] GET /js/pages/admin/prospects.js
[REQ :3333] GET /js/pages/admin/activity-logs.js
[REQ :3333] GET /js/pages/admin/member-detail.js
[REQ :3333] GET /js/pages/admin/schedule.js
[REQ :3333] GET /js/pages/admin/packages.js
[REQ :3333] GET /js/pages/admin/bookings.js
[REQ :3333] GET /js/pages/admin/payments.js
[REQ :3333] GET /js/pages/admin/partner-approvals.js
[REQ :3333] GET /js/pages/trainer/dashboard.js
[REQ :3333] GET /js/pages/partner/booking-requests.js
[REQ :3333] GET /js/pages/partner/roster.js
[REQ :3333] GET /js/pages/partner/member-detail.js
[REQ :3333] GET /js/pages/partner/schedule.js
[REQ :3333] GET /js/pages/legal/privacy-policy.js
[REQ :3333] GET /js/pages/legal/terms.js
[REQ :3333] GET /js/pages/legal/cookie-policy.js
[REQ :3333] GET /js/pages/error/not-found.js
[REQ :3333] GET /js/pages/error/forbidden.js
[REQ :3333] GET /js/pages/error/server-error.js
[REQ :3333] GET /js/core/auth.js
[REQ :3333] GET /js/core/config.js
[REQ :3333] GET /js/core/seed-data.js
[REQ :3333] GET /js/utils/format.js
[REQ :3333] GET /js/utils/dom.js
[REQ :3333] GET /js/components/forgot-password-modal.js
[REQ :3333] GET /js/pages/auth/login.js
[REQ :3333] GET /js/core/consent-manager.js
[REQ :3333] GET /js/components/modal.js
[REQ :3333] GET /js/components/signup-otp-modal.js
[REQ :3333] GET /js/components/stat-card.js
[REQ :3333] GET /js/components/pass-card.js
[REQ :3333] GET /js/components/empty-state.js
[REQ :3333] GET /js/core/cart.js
[REQ :3333] GET /js/components/package-card.js
[REQ :3333] GET /js/components/tabs.js
[REQ :3333] GET /js/components/badge.js
[REQ :3333] GET /js/components/calendar-strip.js
[REQ :3333] GET /js/components/class-card.js
[REQ :3333] GET /js/components/waiver-checkbox.js
[REQ :3333] GET /js/components/receipt-modal.js
[REQ :3333] GET /js/components/data-table.js
[REQ :3333] GET /js/components/email-change-modal.js
[REQ :3333] GET /js/components/chart-bar.js
[REQ :3333] GET /api/public-config
[REQ :3333] GET /assets/images/plash-logo-horizontal.png
[REQ :3333] GET /assets/images/plash-logo-horizontal.png
[REQ :3333] GET /assets/images/plash-logo-horizontal.png
[REQ :3333] GET /
[REQ :3333] GET /css/variables.css?v=56
[REQ :3333] GET /css/base.css?v=56
[REQ :3333] GET /css/layout.css?v=56
[REQ :3333] GET /css/components/buttons.css?v=56
[REQ :3333] GET /css/components/cards.css?v=56
[REQ :3333] GET /css/components/tables.css?v=56
[REQ :3333] GET /css/components/forms.css?v=56
[REQ :3333] GET /css/components/modals.css?v=56
[REQ :3333] GET /css/components/badges.css?v=56
[REQ :3333] GET /css/components/toasts.css?v=56
[REQ :3333] GET /css/components/skeleton.css?v=56
[REQ :3333] GET /css/components/tabs.css?v=56
[REQ :3333] GET /css/components/calendar-strip.css?v=56
[REQ :3333] GET /css/components/cookie-banner.css?v=56
[REQ :3333] GET /css/pages/pages.css?v=75
[REQ :3333] GET /js/app.js?v=98
[REQ :3333] GET /js/core/router.js?v=98
[REQ :3333] GET /js/core/auth.js?v=98
[REQ :3333] GET /js/core/store.js
[REQ :3333] GET /js/core/env-loader.js
[REQ :3333] GET /js/core/events.js
[REQ :3333] GET /js/utils/accessibility.js
[REQ :3333] GET /js/components/sidebar.js?v=98
[REQ :3333] GET /js/components/cookie-banner.js
[REQ :3333] GET /js/core/supabase.js
[REQ :3333] GET /js/components/toast.js
[REQ :3333] GET /js/pages/auth/login.js?v=98
[REQ :3333] GET /js/pages/auth/signup.js?v=98
[REQ :3333] GET /js/pages/auth/reset-password.js?v=98
[REQ :3333] GET /js/pages/portal/dashboard.js?v=75
[REQ :3333] GET /js/pages/portal/book.js
[REQ :3333] GET /js/pages/portal/bookings.js
[REQ :3333] GET /js/pages/portal/packages.js
[REQ :3333] GET /js/pages/portal/cart.js?v=75
[REQ :3333] GET /js/pages/portal/payments.js
[REQ :3333] GET /js/pages/portal/profile.js?v=75
[REQ :3333] GET /js/pages/admin/overview.js
[REQ :3333] GET /js/pages/admin/members.js
[REQ :3333] GET /js/pages/admin/prospects.js
[REQ :3333] GET /js/pages/admin/activity-logs.js
[REQ :3333] GET /js/pages/admin/member-detail.js
[REQ :3333] GET /js/pages/admin/schedule.js
[REQ :3333] GET /js/pages/admin/packages.js
[REQ :3333] GET /js/pages/admin/bookings.js
[REQ :3333] GET /js/pages/admin/payments.js
[REQ :3333] GET /js/pages/admin/partner-approvals.js
[REQ :3333] GET /js/pages/trainer/dashboard.js
[REQ :3333] GET /js/pages/partner/booking-requests.js
[REQ :3333] GET /js/pages/partner/roster.js
[REQ :3333] GET /js/pages/partner/member-detail.js
[REQ :3333] GET /js/pages/partner/schedule.js
[REQ :3333] GET /js/pages/legal/privacy-policy.js
[REQ :3333] GET /js/pages/legal/terms.js
[REQ :3333] GET /js/pages/legal/cookie-policy.js
[REQ :3333] GET /js/pages/error/not-found.js
[REQ :3333] GET /js/pages/error/forbidden.js
[REQ :3333] GET /js/pages/error/server-error.js
[REQ :3333] GET /js/core/config.js
[REQ :3333] GET /js/core/auth.js
[REQ :3333] GET /js/utils/dom.js
[REQ :3333] GET /js/components/forgot-password-modal.js
[REQ :3333] GET /js/core/seed-data.js
[REQ :3333] GET /js/utils/format.js
[REQ :3333] GET /js/core/consent-manager.js
[REQ :3333] GET /js/components/modal.js
[REQ :3333] GET /js/components/signup-otp-modal.js
[REQ :3333] GET /js/pages/auth/login.js
[REQ :3333] GET /js/components/stat-card.js
[REQ :3333] GET /js/components/pass-card.js
[REQ :3333] GET /js/components/empty-state.js
[REQ :3333] GET /js/core/cart.js
[REQ :3333] GET /js/components/package-card.js
[REQ :3333] GET /js/components/tabs.js
[REQ :3333] GET /js/components/badge.js
[REQ :3333] GET /js/components/calendar-strip.js
[REQ :3333] GET /js/components/class-card.js
[REQ :3333] GET /js/components/data-table.js
[REQ :3333] GET /js/components/receipt-modal.js
[REQ :3333] GET /js/components/waiver-checkbox.js
[REQ :3333] GET /js/components/email-change-modal.js
[REQ :3333] GET /js/components/chart-bar.js
[REQ :3333] GET /api/public-config
[REQ :3333] GET /assets/images/plash-logo-horizontal.png
[REQ :3333] GET /assets/images/plash-logo-horizontal.png
[REQ :3333] GET /assets/images/plash-logo-horizontal.png
[REQ :3333] GET /
[REQ :3333] GET /css/variables.css?v=56
[REQ :3333] GET /css/base.css?v=56
[REQ :3333] GET /css/layout.css?v=56
[REQ :3333] GET /css/components/buttons.css?v=56
[REQ :3333] GET /css/components/cards.css?v=56
[REQ :3333] GET /css/components/tables.css?v=56
[REQ :3333] GET /css/components/forms.css?v=56
[REQ :3333] GET /css/components/modals.css?v=56
[REQ :3333] GET /css/components/badges.css?v=56
[REQ :3333] GET /css/components/toasts.css?v=56
[REQ :3333] GET /css/components/skeleton.css?v=56
[REQ :3333] GET /css/components/tabs.css?v=56
[REQ :3333] GET /css/components/calendar-strip.css?v=56
[REQ :3333] GET /css/components/cookie-banner.css?v=56
[REQ :3333] GET /css/pages/pages.css?v=75
[REQ :3333] GET /js/app.js?v=98
[REQ :3333] GET /js/core/router.js?v=98
[REQ :3333] GET /js/core/auth.js?v=98
[REQ :3333] GET /js/core/store.js
[REQ :3333] GET /js/core/env-loader.js
[REQ :3333] GET /js/core/events.js
[REQ :3333] GET /js/utils/accessibility.js
[REQ :3333] GET /js/components/sidebar.js?v=98
[REQ :3333] GET /js/components/cookie-banner.js
[REQ :3333] GET /js/core/supabase.js
[REQ :3333] GET /js/components/toast.js
[REQ :3333] GET /js/pages/auth/login.js?v=98
[REQ :3333] GET /js/pages/auth/signup.js?v=98
[REQ :3333] GET /js/pages/auth/reset-password.js?v=98
[REQ :3333] GET /js/pages/portal/dashboard.js?v=75
[REQ :3333] GET /js/pages/portal/book.js
[REQ :3333] GET /js/pages/portal/bookings.js
[REQ :3333] GET /js/pages/portal/packages.js
[REQ :3333] GET /js/pages/portal/cart.js?v=75
[REQ :3333] GET /js/pages/portal/payments.js
[REQ :3333] GET /js/pages/portal/profile.js?v=75
[REQ :3333] GET /js/pages/admin/overview.js
[REQ :3333] GET /js/pages/admin/members.js
[REQ :3333] GET /js/pages/admin/prospects.js
[REQ :3333] GET /js/pages/admin/activity-logs.js
[REQ :3333] GET /js/pages/admin/member-detail.js
[REQ :3333] GET /js/pages/admin/schedule.js
[REQ :3333] GET /js/pages/admin/packages.js
[REQ :3333] GET /js/pages/admin/bookings.js
[REQ :3333] GET /js/pages/admin/payments.js
[REQ :3333] GET /js/pages/admin/partner-approvals.js
[REQ :3333] GET /js/pages/trainer/dashboard.js
[REQ :3333] GET /js/pages/partner/booking-requests.js
[REQ :3333] GET /js/pages/partner/roster.js
[REQ :3333] GET /js/pages/partner/member-detail.js
[REQ :3333] GET /js/pages/partner/schedule.js
[REQ :3333] GET /js/pages/legal/privacy-policy.js
[REQ :3333] GET /js/pages/legal/terms.js
[REQ :3333] GET /js/pages/legal/cookie-policy.js
[REQ :3333] GET /js/pages/error/not-found.js
[REQ :3333] GET /js/pages/error/forbidden.js
[REQ :3333] GET /js/pages/error/server-error.js
[REQ :3333] GET /js/core/auth.js
[REQ :3333] GET /js/core/config.js
[REQ :3333] GET /js/utils/dom.js
[REQ :3333] GET /js/components/forgot-password-modal.js
[REQ :3333] GET /js/core/seed-data.js
[REQ :3333] GET /js/utils/format.js
[REQ :3333] GET /js/core/consent-manager.js
[REQ :3333] GET /js/pages/auth/login.js
[REQ :3333] GET /js/components/modal.js
[REQ :3333] GET /js/components/signup-otp-modal.js
[REQ :3333] GET /js/components/stat-card.js
[REQ :3333] GET /js/components/pass-card.js
[REQ :3333] GET /js/components/empty-state.js
[REQ :3333] GET /js/components/calendar-strip.js
[REQ :3333] GET /js/components/class-card.js
[REQ :3333] GET /js/components/tabs.js
[REQ :3333] GET /js/components/badge.js
[REQ :3333] GET /js/core/cart.js
[REQ :3333] GET /js/components/package-card.js
[REQ :3333] GET /js/components/waiver-checkbox.js
[REQ :3333] GET /js/components/receipt-modal.js
[REQ :3333] GET /js/components/email-change-modal.js
[REQ :3333] GET /js/components/chart-bar.js
[REQ :3333] GET /js/components/data-table.js
[REQ :3333] GET /api/public-config
[REQ :3333] GET /assets/images/plash-logo-horizontal.png
[REQ :3333] GET /assets/images/plash-logo-horizontal.png
[REQ :3333] GET /
[REQ :3333] GET /css/variables.css?v=56
[REQ :3333] GET /css/base.css?v=56
[REQ :3333] GET /css/layout.css?v=56
[REQ :3333] GET /css/components/buttons.css?v=56
[REQ :3333] GET /css/components/cards.css?v=56
[REQ :3333] GET /css/components/tables.css?v=56
[REQ :3333] GET /css/components/forms.css?v=56
[REQ :3333] GET /css/components/modals.css?v=56
[REQ :3333] GET /css/components/badges.css?v=56
[REQ :3333] GET /css/components/toasts.css?v=56
[REQ :3333] GET /css/components/skeleton.css?v=56
[REQ :3333] GET /css/components/tabs.css?v=56
[REQ :3333] GET /css/components/calendar-strip.css?v=56
[REQ :3333] GET /css/components/cookie-banner.css?v=56
[REQ :3333] GET /css/pages/pages.css?v=75
[REQ :3333] GET /js/app.js?v=98
[REQ :3333] GET /js/core/router.js?v=98
[REQ :3333] GET /js/core/auth.js?v=98
[REQ :3333] GET /js/core/store.js
[REQ :3333] GET /js/core/env-loader.js
[REQ :3333] GET /js/core/events.js
[REQ :3333] GET /js/utils/accessibility.js
[REQ :3333] GET /js/components/sidebar.js?v=98
[REQ :3333] GET /js/components/cookie-banner.js
[REQ :3333] GET /js/core/supabase.js
[REQ :3333] GET /js/components/toast.js
[REQ :3333] GET /js/pages/auth/login.js?v=98
[REQ :3333] GET /js/pages/auth/signup.js?v=98
[REQ :3333] GET /js/pages/auth/reset-password.js?v=98
[REQ :3333] GET /js/pages/portal/dashboard.js?v=75
[REQ :3333] GET /js/pages/portal/book.js
[REQ :3333] GET /js/pages/portal/bookings.js
[REQ :3333] GET /js/pages/portal/packages.js
[REQ :3333] GET /js/pages/portal/cart.js?v=75
[REQ :3333] GET /js/pages/portal/payments.js
[REQ :3333] GET /js/pages/portal/profile.js?v=75
[REQ :3333] GET /js/pages/admin/overview.js
[REQ :3333] GET /js/pages/admin/members.js
[REQ :3333] GET /js/pages/admin/prospects.js
[REQ :3333] GET /js/pages/admin/activity-logs.js
[REQ :3333] GET /js/pages/admin/member-detail.js
[REQ :3333] GET /js/pages/admin/schedule.js
[REQ :3333] GET /js/pages/admin/packages.js
[REQ :3333] GET /js/pages/admin/bookings.js
[REQ :3333] GET /js/pages/admin/payments.js
[REQ :3333] GET /js/pages/admin/partner-approvals.js
[REQ :3333] GET /js/pages/trainer/dashboard.js
[REQ :3333] GET /js/pages/partner/booking-requests.js
[REQ :3333] GET /js/pages/partner/roster.js
[REQ :3333] GET /js/pages/partner/member-detail.js
[REQ :3333] GET /js/pages/partner/schedule.js
[REQ :3333] GET /js/pages/legal/privacy-policy.js
[REQ :3333] GET /js/pages/legal/terms.js
[REQ :3333] GET /js/pages/legal/cookie-policy.js
[REQ :3333] GET /js/pages/error/not-found.js
[REQ :3333] GET /js/pages/error/forbidden.js
[REQ :3333] GET /js/pages/error/server-error.js
[REQ :3333] GET /js/core/auth.js
[REQ :3333] GET /js/core/config.js
[REQ :3333] GET /js/core/seed-data.js
[REQ :3333] GET /js/utils/format.js
[REQ :3333] GET /js/utils/dom.js
[REQ :3333] GET /js/components/forgot-password-modal.js
[REQ :3333] GET /js/core/consent-manager.js
[REQ :3333] GET /js/components/modal.js
[REQ :3333] GET /js/components/signup-otp-modal.js
[REQ :3333] GET /js/pages/auth/login.js
[REQ :3333] GET /js/core/cart.js
[REQ :3333] GET /js/components/package-card.js
[REQ :3333] GET /js/components/stat-card.js
[REQ :3333] GET /js/components/pass-card.js
[REQ :3333] GET /js/components/empty-state.js
[REQ :3333] GET /js/components/tabs.js
[REQ :3333] GET /js/components/badge.js
[REQ :3333] GET /js/components/calendar-strip.js
[REQ :3333] GET /js/components/class-card.js
[REQ :3333] GET /js/components/waiver-checkbox.js
[REQ :3333] GET /js/components/receipt-modal.js
[REQ :3333] GET /js/components/data-table.js
[REQ :3333] GET /js/components/email-change-modal.js
[REQ :3333] GET /js/components/chart-bar.js
[REQ :3333] GET /api/public-config
[REQ :3333] GET /assets/images/plash-logo-horizontal.png
[REQ :3333] GET /assets/images/plash-logo-horizontal.png
[REQ :3333] GET /
[REQ :3333] GET /css/variables.css?v=56
[REQ :3333] GET /css/base.css?v=56
[REQ :3333] GET /css/layout.css?v=56
[REQ :3333] GET /css/components/buttons.css?v=56
[REQ :3333] GET /css/components/cards.css?v=56
[REQ :3333] GET /css/components/tables.css?v=56
[REQ :3333] GET /css/components/forms.css?v=56
[REQ :3333] GET /css/components/modals.css?v=56
[REQ :3333] GET /css/components/badges.css?v=56
[REQ :3333] GET /css/components/toasts.css?v=56
[REQ :3333] GET /css/components/skeleton.css?v=56
[REQ :3333] GET /css/components/tabs.css?v=56
[REQ :3333] GET /css/components/calendar-strip.css?v=56
[REQ :3333] GET /css/components/cookie-banner.css?v=56
[REQ :3333] GET /css/pages/pages.css?v=75
[REQ :3333] GET /js/app.js?v=98
[REQ :3333] GET /js/core/router.js?v=98
[REQ :3333] GET /js/core/auth.js?v=98
[REQ :3333] GET /js/core/store.js
[REQ :3333] GET /js/core/env-loader.js
[REQ :3333] GET /js/core/events.js
[REQ :3333] GET /js/utils/accessibility.js
[REQ :3333] GET /js/components/sidebar.js?v=98
[REQ :3333] GET /js/components/cookie-banner.js
[REQ :3333] GET /js/core/supabase.js
[REQ :3333] GET /js/components/toast.js
[REQ :3333] GET /js/pages/auth/login.js?v=98
[REQ :3333] GET /js/pages/auth/signup.js?v=98
[REQ :3333] GET /js/pages/auth/reset-password.js?v=98
[REQ :3333] GET /js/pages/portal/dashboard.js?v=75
[REQ :3333] GET /js/pages/portal/book.js
[REQ :3333] GET /js/pages/portal/bookings.js
[REQ :3333] GET /js/pages/portal/packages.js
[REQ :3333] GET /js/pages/portal/cart.js?v=75
[REQ :3333] GET /js/pages/portal/payments.js
[REQ :3333] GET /js/pages/portal/profile.js?v=75
[REQ :3333] GET /js/pages/admin/overview.js
[REQ :3333] GET /js/pages/admin/members.js
[REQ :3333] GET /js/pages/admin/prospects.js
[REQ :3333] GET /js/pages/admin/activity-logs.js
[REQ :3333] GET /js/pages/admin/member-detail.js
[REQ :3333] GET /js/pages/admin/schedule.js
[REQ :3333] GET /js/pages/admin/packages.js
[REQ :3333] GET /js/pages/admin/bookings.js
[REQ :3333] GET /js/pages/admin/payments.js
[REQ :3333] GET /js/pages/admin/partner-approvals.js
[REQ :3333] GET /js/pages/trainer/dashboard.js
[REQ :3333] GET /js/pages/partner/booking-requests.js
[REQ :3333] GET /js/pages/partner/roster.js
[REQ :3333] GET /js/pages/partner/member-detail.js
[REQ :3333] GET /js/pages/partner/schedule.js
[REQ :3333] GET /js/pages/legal/privacy-policy.js
[REQ :3333] GET /js/pages/legal/terms.js
[REQ :3333] GET /js/pages/legal/cookie-policy.js
[REQ :3333] GET /js/pages/error/not-found.js
[REQ :3333] GET /js/pages/error/forbidden.js
[REQ :3333] GET /js/pages/error/server-error.js
[REQ :3333] GET /js/core/auth.js
[REQ :3333] GET /js/core/config.js
[REQ :3333] GET /js/core/seed-data.js
[REQ :3333] GET /js/utils/format.js
[REQ :3333] GET /js/utils/dom.js
[REQ :3333] GET /js/components/forgot-password-modal.js
[REQ :3333] GET /js/core/consent-manager.js
[REQ :3333] GET /js/pages/auth/login.js
[REQ :3333] GET /js/components/modal.js
[REQ :3333] GET /js/components/signup-otp-modal.js
[REQ :3333] GET /js/components/stat-card.js
[REQ :3333] GET /js/components/pass-card.js
[REQ :3333] GET /js/components/empty-state.js
[REQ :3333] GET /js/components/calendar-strip.js
[REQ :3333] GET /js/components/class-card.js
[REQ :3333] GET /js/components/tabs.js
[REQ :3333] GET /js/components/badge.js
[REQ :3333] GET /js/core/cart.js
[REQ :3333] GET /js/components/package-card.js
[REQ :3333] GET /js/components/waiver-checkbox.js
[REQ :3333] GET /js/components/receipt-modal.js
[REQ :3333] GET /js/components/data-table.js
[REQ :3333] GET /js/components/email-change-modal.js
[REQ :3333] GET /js/components/chart-bar.js
[REQ :3333] GET /api/public-config
[REQ :3333] GET /assets/images/plash-logo-horizontal.png
[REQ :3333] GET /assets/images/plash-logo-horizontal.png
[REQ :3333] GET /assets/images/plash-logo-horizontal.png
